I'm sorry, but errors were detected in your script. Please correct the
errors listed below, and try again.


File "game/script.rpy", line 105: expected statement.
    Start("follestart")
                       ^

Ren'Py Version: Ren'Py 6.99.14.1.3218
Tue Feb 20 17:50:18 2018
